[backblue.gif]
[fade.gif]
[index.html]
[www.playsport.cc/index.html]
[www.playsport.cc/forum34f6.html]
[fonts.googleapis.com/index.html]
[www.playsport.cc/forum.html]
[www.playsport.cc/includes/images/playsport_square_big.png]
[www.playsport.cc/includes/images/star.ico]
[www.playsport.cc/build/css/layout/layout-ac772369fd.cdna5b5.css]
[www.playsport.cc/build/css/layout/style_route_all-1f16896256a5b5.css]
[www.playsport.cc/build/css/layout/footerbox-28981caad0.weba5b5.css]
[www.playsport.cc/cdn/jquery/jquery-1.11.1.mina5b5.js]
[www.playsport.cc/build/css/forum/forum_tabs_article02-90b077fa82a5b5.css]
[www.playsport.cc/build/css/forum/forum-3dd2181431.weba5b5.css]
[www.playsport.cc/build/js/layout/layout-eeed8409c8.cdna5b5.js]
[www.googletagmanager.com/gtag/js59bc]
[www.google-analytics.com/analytics.js]
[www.playsport.cc/build/js/layout-e2d4248546a5b5.js]
[www.playsport.cc/guessaa3c.html]
[www.playsport.cc/predict/games988e.html]
[www.playsport.cc/predict/games6005.html]
[www.playsport.cc/predict/scale6005.html]
[www.playsport.cc/forumaa3c.html]
[www.playsport.cc/buyPredict/medalFire/1aa3c.html]
[www.playsport.cc/buyPredict/medalFire/1c2b9.html]
[www.playsport.cc/buyPredict/singleKiller/1fc33.html]
[www.playsport.cc/billboard/winRate6005.html]
[www.playsport.cc/billboard/mainPrediction6005.html]
[www.playsport.cc/livescore/1aa3c.html]
[www.playsport.cc/gamesData/battle6005.html]
[www.playsport.cc/gamesData/teams6005.html]
[www.playsport.cc/gamesData/standings/3aa3c.html]
[www.playsport.cc/gamesData/resulte177.html]
[www.playsport.cc/member/search.html]
[www.playsport.cc/member/login.html]
[www.playsport.cc/member/register.html]
[www.playsport.cc/includes/js/globala5b5.js]
[www.playsport.cc/forume4cf.html]
[www.playsport.cc/images/logo.png]
[www.playsport.cc/includes/js/nagging-menua5b5.js]
[apps.apple.com/us/app/玩運彩討論區/id7302771097210.html]
[www.playsport.cc/app_campaignd41d.html]
[www.playsport.cc/single_killer_rankefb2.html]
[www.playsport.cc/forum/1.html]
[www.playsport.cc/forum/2.html]
[www.playsport.cc/forum/6.html]
[www.playsport.cc/forum/9.html]
[www.playsport.cc/forum/83.html]
[www.playsport.cc/forum/114.html]
[www.playsport.cc/forum/3.html]
[www.playsport.cc/forum/7.html]
[www.playsport.cc/forum/92.html]
[www.playsport.cc/forum/97.html]
[www.playsport.cc/forum/8.html]
[www.playsport.cc/forum/94.html]
[www.playsport.cc/forum/110.html]
[www.playsport.cc/forum/121.html]
[www.playsport.cc/forum/82.html]
[www.playsport.cc/forum/12.html]
[www.playsport.cc/forum/16.html]
[www.playsport.cc/forum/18.html]
[www.playsport.cc/forum/1205746.html]
[www.playsport.cc/images/bet/bet_forum.png]
[www.playsport.cc/forum/4.html]
[www.playsport.cc/forum/91.html]
[www.playsport.cc/forum/87.html]
[www.playsport.cc/forum/93.html]
[www.playsport.cc/forum/21.html]
[www.playsport.cc/forum/90.html]
[www.playsport.cc/forum/119.html]
[www.playsport.cc/forum/122.html]
[www.playsport.cc/forum/102.html]
[www.playsport.cc/forum/10.html]
[www.playsport.cc/forum/13.html]
[www.playsport.cc/forum/17.html]
[www.playsport.cc/forum/95.html]
[www.playsport.cc/forum/112.html]
[www.playsport.cc/forum/98.html]
[www.playsport.cc/forum/99.html]
[www.playsport.cc/forum/0623c.html]
[www.playsport.cc/CSS/forum_button.css]
[www.playsport.cc/login_v379b2.php]
[www.playsport.cc/build/css/forum/forumField-bea1cd4c68.weba5b5.css]
[www.playsport.cc/build/css/forum/forumList-5173c13962.weba5b5.css]
[www.playsport.cc/images/forum/icon_push_over60.gif]
[www.playsport.cc/forum/post/250915110039zf6d41d.html]
[www.playsport.cc/forum/post/250915110039zf6e9e8.html]
[www.playsport.cc/forum/post/250915110039zf6c321.html]
[www.playsport.cc/forum/post/250915110039zf678d1.html]
[www.playsport.cc/forum/post/250915110039zf6c0e1.html]
[www.playsport.cc/forum/post/250915110039zf67834.html]
[www.playsport.cc/forum/post/250915110039zf6ea2f.html]
[www.playsport.cc/visit_memberd805.html]
[www.playsport.cc/image/avatar/c20a208ad0303ac827ec909188277a51.jpg]
[www.playsport.cc/visit_member615e.html]
[www.playsport.cc/forum/post/250915120751yF5ed0d.html]
[www.playsport.cc/forum/post/250915120751yF52033.html]
[www.playsport.cc/forum/post/250915120751yF5721d.html]
[www.playsport.cc/forum/post/250915120751yF596c2.html]
[www.playsport.cc/forum/post/250915120751yF5111e.html]
[www.playsport.cc/visit_member0a50.html]
[www.playsport.cc/image/avatar/0b40338564c9c7d9f622ce85d1eb03c4.jpg]
[www.playsport.cc/visit_member3739.html]
[www.playsport.cc/forum/post/250916114104T3Iba4f.html]
[www.playsport.cc/visit_member89c8.html]
[www.playsport.cc/image/avatar/c242529e72c95bd580e123501b677d0b.png]
[www.playsport.cc/visit_member0dea.html]
[www.playsport.cc/forum/post/250915221436Enx80f2.html]
[www.playsport.cc/visit_member74a9.html]
[www.playsport.cc/image/avatar/d1d7300a7109c3b4ca9814ff9c65d7a7.jpg]
[www.playsport.cc/visit_member1be3.html]
[www.playsport.cc/images/forum/icon_push_over90.gif]
[www.playsport.cc/forum/post/2509152156023md92f3.html]
[www.playsport.cc/forum/post/2509152156023md612c.html]
[www.playsport.cc/visit_member3194.html]
[www.playsport.cc/image/avatar/cc8b80ec47d02f5d85008d2e257c6a5a.jpg]
[www.playsport.cc/visit_member981c.html]
[www.playsport.cc/forum/post/250916114306zh07a6a.html]
[www.playsport.cc/visit_memberbab2.html]
[www.playsport.cc/image/avatar/e0576fbb7476bc28cdc87ec00a2d203a.jpg]
[www.playsport.cc/forum/post/250915093032MvJ6607.html]
[www.playsport.cc/visit_member0151.html]
[www.playsport.cc/image/avatar/aeeccaca2a5ecaffff75986938f16016.jpg]
[www.playsport.cc/visit_memberce78.html]
[www.playsport.cc/forum/post/2509160838171gV4038.html]
[www.playsport.cc/visit_member0d94.html]
[www.playsport.cc/image/avatar/9056b27c1aa1b60101946ebbb2eac84e.jpg]
[www.playsport.cc/forum/post/250916112353m2d36aa.html]
[www.playsport.cc/visit_memberfd0d.html]
[www.playsport.cc/image/avatar/13898e450f805c0e510aaed692376b0f.jpg]
[www.playsport.cc/visit_member244f.html]
[www.playsport.cc/forum/post/2509152347040Lb38c8.html]
[www.playsport.cc/visit_member2384.html]
[www.playsport.cc/image/avatar/9f62651c61ae46d715a665632b1b2392.jpg]
[www.playsport.cc/visit_member592d.html]
[www.playsport.cc/forum/post/250916113345K860043.html]
[www.playsport.cc/visit_memberee15.html]
[www.playsport.cc/image/avatar/19da4783a459251de3a37758af7fa0c6.jpg]
[www.playsport.cc/visit_member43b2.html]
[www.playsport.cc/forum/post/250916113920vhL4caf.html]
[www.playsport.cc/visit_memberedad.html]
[www.playsport.cc/image/avatar/9f3aa3f21cda46f23dda830d9613b345.jpg]
[www.playsport.cc/forum/post/250915171035lQg0eb1.html]
[www.playsport.cc/visit_member88d5.html]
[www.playsport.cc/image/avatar/1b80bf35fe85918a23f1213ad37497ef.png]
[www.playsport.cc/forum/post/2509161009588yme5ea.html]
[www.playsport.cc/visit_member8b6c.html]
[www.playsport.cc/image/avatar/a87b01e3394339d9f0ad47fbc3ecac3f.jpg]
[www.playsport.cc/visit_memberbe77.html]
[www.playsport.cc/forum/post/2509160804228qP45c2.html]
[www.playsport.cc/visit_memberdfcd.html]
[www.playsport.cc/image/avatar/b0e4aefd925f005c12e716048427295a.png]
[www.playsport.cc/visit_member886e.html]
[www.playsport.cc/forum/post/250916111922TFY1732.html]
[www.playsport.cc/visit_member02d3.html]
[www.playsport.cc/image/avatar/f395998e5c05dcf8311070cb17b5605a.jpg]
[www.playsport.cc/forum/post/250915221010maj7be8.html]
[www.playsport.cc/visit_member4bd7.html]
[www.playsport.cc/image/avatar/5dd1ba2ea6c445a92e6d29cec997f283.png]
[www.playsport.cc/visit_member7dea.html]
[www.playsport.cc/forum/post/250916100246auFdc6d.html]
[www.playsport.cc/visit_member025f.html]
[www.playsport.cc/image/avatar/473856a11684a6aa9f1f932cf162a9ab.jpg]
[www.playsport.cc/forum/post/250915174811xP1452c.html]
[www.playsport.cc/visit_memberf09a.html]
[www.playsport.cc/image/avatar/5be98bccf975c60946d34d4975dae134.jpg]
[www.playsport.cc/visit_memberc8fa.html]
[www.playsport.cc/forum/post/2509161134380ylee33.html]
[www.playsport.cc/visit_member35b3.html]
[www.playsport.cc/image/avatar/8f032b89411a6aa55a6916ae0bb0b068.png]
[www.playsport.cc/forum/post/250916075247Wg7338f.html]
[www.playsport.cc/visit_member4af1.html]
[www.playsport.cc/image/avatar/1a6b712b7bba656f18b3ee3a0413323c.jpg]
[www.playsport.cc/visit_member3863.html]
[www.playsport.cc/forum/post/250916092350i13bbdf.html]
[www.playsport.cc/visit_member239e.html]
[www.playsport.cc/image/avatar/537d0d6e476059d67349ffdb2ad94e14.png]
[www.playsport.cc/visit_member7915.html]
[www.playsport.cc/forum/post/250916113232rCMa7eb.html]
[www.playsport.cc/visit_memberd4ba.html]
[www.playsport.cc/image/avatar/c0d329fce543d3d423bfc74f275e9b22.jpg]
[www.playsport.cc/forum/post/250916082453EXg8e90.html]
[www.playsport.cc/visit_member7de2.html]
[www.playsport.cc/image/avatar/041765d4fcead2605e6b3b785011fe97.jpg]
[www.playsport.cc/visit_member6d49.html]
[www.playsport.cc/forum/post/250915222516fzX2189.html]
[www.playsport.cc/visit_member2601.html]
[www.playsport.cc/image/avatar/41a4dfc08d7d1449fbe0919df859b08a.jpg]
[www.playsport.cc/visit_memberb9fa.html]
[www.playsport.cc/forum/post/250916071355RS060ec.html]
[www.playsport.cc/visit_member676a.html]
[www.playsport.cc/image/avatar/5f916e53a2eec1c0d55f1d2299903b03.jpg]
[www.playsport.cc/forum/post/2509161130045eP60f5.html]
[www.playsport.cc/visit_member3272.html]
[www.playsport.cc/image/avatar/f40d5015c5a231e11f69e7b8bf186548.jpg]
[www.playsport.cc/forum/post/250916112837QIH1ce6.html]
[www.playsport.cc/visit_memberc933.html]
[www.playsport.cc/forum/post/2509161129376hU4331.html]
[www.playsport.cc/visit_membera52b.html]
[www.playsport.cc/image/avatar/4bc25ed56334bf841e16581d266bfe8b.png]
[www.playsport.cc/forum/post/250916064302oTV11b0.html]
[www.playsport.cc/visit_memberf1c1.html]
[www.playsport.cc/image/avatar/408056041828c32ad59bb6d7f787d3fa.png]
[www.playsport.cc/forum/post/250916070138PFt84ce.html]
[www.playsport.cc/visit_member55dd.html]
[www.playsport.cc/image/avatar/cfaf4f055d29b47dcf61ece99f9678a0.jpg]
[www.playsport.cc/visit_member44dc.html]
[www.playsport.cc/forum/post/250916112844NA4cb94.html]
[www.playsport.cc/visit_member2ea7.html]
[www.playsport.cc/image/avatar/c045d596642431eebe5d42fb1b0b6c9d.jpg]
[www.playsport.cc/forum/post/250915204920kEQ1fd0.html]
[www.playsport.cc/visit_member7e85.html]
[www.playsport.cc/image/avatar/2882187f823addf6303b29bb65c595ea.jpg]
[www.playsport.cc/visit_membercf0a.html]
[www.playsport.cc/forum/post/250916112706jsTcba5.html]
[www.playsport.cc/visit_membera572.html]
[www.playsport.cc/image/avatar/d3d076fe92b722c36bbfb038f38e5356.jpg]
[www.playsport.cc/visit_member9a15.html]
[www.playsport.cc/forum/post/250916112755A1F2d05.html]
[www.playsport.cc/visit_member0178.html]
[www.playsport.cc/image/avatar/e1698009108d43c92341956bc0143941.jpg]
[www.playsport.cc/forum/post/250916071948cdm1edb.html]
[www.playsport.cc/visit_member7259.html]
[www.playsport.cc/image/avatar/43f77872e5624babba89088ea42935c0.jpg]
[www.playsport.cc/forum/post/250916112618N9D90b4.html]
[www.playsport.cc/forum/post/250915213044sG0b953.html]
[www.playsport.cc/visit_member2a14.html]
[www.playsport.cc/forum/post/250916104658HL0dc48.html]
[www.playsport.cc/visit_member198a.html]
[www.playsport.cc/image/avatar/6f83f39fbb51b61c7576600033b646fd.jpg]
[www.playsport.cc/visit_membera4a2.html]
[www.playsport.cc/forum/post/2509161124596RDf624.html]
[www.playsport.cc/visit_memberad0a.html]
[www.playsport.cc/image/avatar/9db1b90fe1d52a6bdd0e260cc4d0a4ad.jpg]
[www.playsport.cc/forum/post/250916112345EEjd285.html]
[www.playsport.cc/visit_member22ae.html]
[www.playsport.cc/image/avatar/51925927686dbb873626ad28f57b6667.png]
[www.playsport.cc/images/forum/icon_push_over30.gif]
[www.playsport.cc/forum/post/250915095454doUcef5.html]
[www.playsport.cc/forum/post/250915095454doUd4fb.html]
[www.playsport.cc/forum/post/250915095454doU65c6.html]
[www.playsport.cc/forum/post/250915095454doU0dc1.html]
[www.playsport.cc/visit_membercb6b.html]
[www.playsport.cc/image/avatar/91d5229f297cb274993fe1c9d58c7955.jpg]
[www.playsport.cc/visit_member0304.html]
[www.playsport.cc/forum/post/250915165849s5a4db3.html]
[www.playsport.cc/forum/post/250915165849s5afb34.html]
[www.playsport.cc/visit_memberb82f.html]
[www.playsport.cc/image/avatar/606369dd12a4078fedf0817aaf06d4d8.png]
[www.playsport.cc/visit_member24fe.html]
[www.playsport.cc/forum/post/250916095036ghWc4d5.html]
[www.playsport.cc/visit_member01fa.html]
[www.playsport.cc/image/avatar/01ed6e0cbb7d3e7ceb276d6eaedb448f.jpg]
[www.playsport.cc/visit_membera95d.html]
[www.playsport.cc/forum/post/250916030840kZufae6.html]
[www.playsport.cc/visit_memberf31b.html]
[www.playsport.cc/image/avatar/dfff8dbf9fd4342fedbb9c90e0361127.jpg]
[www.playsport.cc/visit_memberf7bc.html]
[www.playsport.cc/forum/post/250916111139iqA2c11.html]
[www.playsport.cc/visit_membere276.html]
[www.playsport.cc/image/avatar/11427724073efe86d29fafd838e3aa14.png]
[www.playsport.cc/forum/post/250916020836v1J1592.html]
[www.playsport.cc/visit_member47ba.html]
[www.playsport.cc/image/avatar/fc29e4584c7c7e179b9e2b050efe4748.jpg]
[www.playsport.cc/visit_memberde8e.html]
[www.playsport.cc/forum/post/250916001625F3heb95.html]
[www.playsport.cc/visit_member5707.html]
[www.playsport.cc/image/avatar/16ee11bcca6ecd3f6e5ab182c3b0382c.jpg]
[www.playsport.cc/visit_member28b0.html]
[www.playsport.cc/forum/post/250915204040gn1a852.html]
[www.playsport.cc/visit_member6086.html]
[www.playsport.cc/image/avatar/1483e8ea6cb5dc1a0a931dfc4938a606.jpg]
[www.playsport.cc/forum/post/250916093031kldc139.html]
[www.playsport.cc/visit_member8e1e.html]
[www.playsport.cc/image/avatar/6ca96c57bf56573e19cbc41cd7663e89.png]
[www.playsport.cc/forum/post/250916110559r3da8f2.html]
[www.playsport.cc/visit_member4c70.html]
[www.playsport.cc/forum/05a2d.html]
[www.playsport.cc/forum/08095.html]
[www.playsport.cc/contactc2e4.html]
[www.playsport.cc/qa.html]
[www.playsport.cc/utos.html]
[www.playsport.cc/aboutus.html]
[policies.google.com/privacy.html]
[policies.google.com/terms.html]
[www.playsport.cc/user_actionsef1f.html]
[www.playsport.cc/forum34f6.html]
[www.playsport.cc/build/js/forum/forum-3a03668589a5b5.js]
[fonts.googleapis.com/index.html]
[fonts.gstatic.com/index.html]
[fonts.googleapis.com/css22817.css]
[www.playsport.cc/forum.html]
[fonts.googleapis.com/icone91f.css]
[www.playsport.cc/build/css/layout/layout-ac772369fd.cdna5b5.css]
[www.playsport.cc/build/css/layout/style_route_all-1f16896256a5b5.css]
[www.playsport.cc/build/css/layout/footerbox-28981caad0.weba5b5.css]
[www.playsport.cc/build/css/forum/forum_tabs_article02-90b077fa82a5b5.css]
[www.playsport.cc/build/css/forum/forum-3dd2181431.weba5b5.css]
[www.playsport.cc/guessaa3c.html]
[www.playsport.cc/predict/games988e.html]
[www.playsport.cc/predict/games6005.html]
[www.playsport.cc/predict/scale6005.html]
[www.playsport.cc/forumaa3c.html]
[www.playsport.cc/buyPredict/medalFire/1aa3c.html]
[www.playsport.cc/buyPredict/medalFire/1c2b9.html]
[www.playsport.cc/buyPredict/singleKiller/1fc33.html]
[www.playsport.cc/billboard/winRate6005.html]
[www.playsport.cc/billboard/mainPrediction6005.html]
[www.playsport.cc/livescore/1aa3c.html]
[www.playsport.cc/gamesData/battle6005.html]
[www.playsport.cc/gamesData/teams6005.html]
[www.playsport.cc/gamesData/standings/3aa3c.html]
[www.playsport.cc/gamesData/resulte177.html]
[www.playsport.cc/member/search.html]
[www.playsport.cc/member/login.html]
[www.playsport.cc/member/register.html]
[www.playsport.cc/forume4cf.html]
[apps.apple.com/us/app/玩運彩討論區/id7302771097210.html]
[www.playsport.cc/app_campaignd41d.html]
[www.playsport.cc/single_killer_rankefb2.html]
[www.playsport.cc/forum/1.html]
[www.playsport.cc/forum/2.html]
[www.playsport.cc/forum/6.html]
[www.playsport.cc/forum/9.html]
[www.playsport.cc/forum/83.html]
[www.playsport.cc/forum/114.html]
[www.playsport.cc/forum/3.html]
[www.playsport.cc/forum/7.html]
[www.playsport.cc/forum/92.html]
[www.playsport.cc/forum/97.html]
[www.playsport.cc/forum/8.html]
[www.playsport.cc/forum/94.html]
[www.playsport.cc/forum/110.html]
[www.playsport.cc/forum/121.html]
[www.playsport.cc/forum/82.html]
[www.playsport.cc/forum/12.html]
[www.playsport.cc/forum/16.html]
[www.playsport.cc/forum/18.html]
[www.playsport.cc/forum/1205746.html]
[www.playsport.cc/forum/4.html]
[www.playsport.cc/forum/91.html]
[www.playsport.cc/forum/87.html]
[www.playsport.cc/forum/93.html]
[www.playsport.cc/forum/21.html]
[www.playsport.cc/forum/90.html]
[www.playsport.cc/forum/119.html]
[www.playsport.cc/forum/122.html]
[www.playsport.cc/forum/102.html]
[www.playsport.cc/forum/10.html]
[www.playsport.cc/forum/13.html]
[www.playsport.cc/forum/17.html]
[www.playsport.cc/forum/95.html]
[www.playsport.cc/forum/112.html]
[www.playsport.cc/forum/98.html]
[www.playsport.cc/forum/99.html]
[www.playsport.cc/forum/0623c.html]
[www.playsport.cc/CSS/forum_button.css]
[www.playsport.cc/login_v379b2.html]
[www.playsport.cc/build/css/forum/forumField-bea1cd4c68.weba5b5.css]
[www.playsport.cc/build/css/forum/forumList-5173c13962.weba5b5.css]
[www.playsport.cc/forum/post/250915110039zf6d41d.html]
[www.playsport.cc/forum/post/250915110039zf6e9e8.html]
[www.playsport.cc/forum/post/250915110039zf6c321.html]
[www.playsport.cc/forum/post/250915110039zf678d1.html]
[www.playsport.cc/forum/post/250915110039zf6c0e1.html]
[www.playsport.cc/forum/post/250915110039zf67834.html]
[www.playsport.cc/forum/post/250915110039zf6ea2f.html]
[www.playsport.cc/visit_memberd805.html]
[www.playsport.cc/visit_member615e.html]
[www.playsport.cc/forum/post/250915120751yF5ed0d.html]
[www.playsport.cc/forum/post/250915120751yF52033.html]
[www.playsport.cc/forum/post/250915120751yF5721d.html]
[www.playsport.cc/forum/post/250915120751yF596c2.html]
[www.playsport.cc/forum/post/250915120751yF5111e.html]
[www.playsport.cc/visit_member0a50.html]
[www.playsport.cc/visit_member3739.html]
[www.playsport.cc/forum/post/250916114104T3Iba4f.html]
[www.playsport.cc/visit_member89c8.html]
[www.playsport.cc/visit_member0dea.html]
[www.playsport.cc/forum/post/250915221436Enx80f2.html]
[www.playsport.cc/visit_member74a9.html]
[www.playsport.cc/visit_member1be3.html]
[www.playsport.cc/forum/post/2509152156023md92f3.html]
[www.playsport.cc/forum/post/2509152156023md612c.html]
[www.playsport.cc/visit_member3194.html]
[www.playsport.cc/visit_member981c.html]
[www.playsport.cc/forum/post/250916114306zh07a6a.html]
[www.playsport.cc/visit_memberbab2.html]
[www.playsport.cc/forum/post/250915093032MvJ6607.html]
[www.playsport.cc/visit_member0151.html]
[www.playsport.cc/visit_memberce78.html]
[www.playsport.cc/forum/post/2509160838171gV4038.html]
[www.playsport.cc/visit_member0d94.html]
[www.playsport.cc/forum/post/250916112353m2d36aa.html]
[www.playsport.cc/visit_memberfd0d.html]
[www.playsport.cc/visit_member244f.html]
[www.playsport.cc/forum/post/2509152347040Lb38c8.html]
[www.playsport.cc/visit_member2384.html]
[www.playsport.cc/visit_member592d.html]
[www.playsport.cc/forum/post/250916113345K860043.html]
[www.playsport.cc/visit_memberee15.html]
[www.playsport.cc/visit_member43b2.html]
[www.playsport.cc/forum/post/250916113920vhL4caf.html]
[www.playsport.cc/visit_memberedad.html]
[www.playsport.cc/forum/post/250915171035lQg0eb1.html]
[www.playsport.cc/visit_member88d5.html]
[www.playsport.cc/forum/post/2509161009588yme5ea.html]
[www.playsport.cc/visit_member8b6c.html]
[www.playsport.cc/visit_memberbe77.html]
[www.playsport.cc/forum/post/2509160804228qP45c2.html]
[www.playsport.cc/visit_memberdfcd.html]
[www.playsport.cc/visit_member886e.html]
[www.playsport.cc/forum/post/250916111922TFY1732.html]
[www.playsport.cc/visit_member02d3.html]
[www.playsport.cc/forum/post/250915221010maj7be8.html]
[www.playsport.cc/visit_member4bd7.html]
[www.playsport.cc/visit_member7dea.html]
[www.playsport.cc/forum/post/250916100246auFdc6d.html]
[www.playsport.cc/visit_member025f.html]
[www.playsport.cc/forum/post/250915174811xP1452c.html]
[www.playsport.cc/visit_memberf09a.html]
[www.playsport.cc/visit_memberc8fa.html]
[www.playsport.cc/forum/post/2509161134380ylee33.html]
[www.playsport.cc/visit_member35b3.html]
[www.playsport.cc/forum/post/250916075247Wg7338f.html]
[www.playsport.cc/visit_member4af1.html]
[www.playsport.cc/visit_member3863.html]
[www.playsport.cc/forum/post/250916092350i13bbdf.html]
[www.playsport.cc/visit_member239e.html]
[www.playsport.cc/visit_member7915.html]
[www.playsport.cc/forum/post/250916113232rCMa7eb.html]
[www.playsport.cc/visit_memberd4ba.html]
[www.playsport.cc/forum/post/250916082453EXg8e90.html]
[www.playsport.cc/visit_member7de2.html]
[www.playsport.cc/visit_member6d49.html]
[www.playsport.cc/forum/post/250915222516fzX2189.html]
[www.playsport.cc/visit_member2601.html]
[www.playsport.cc/visit_memberb9fa.html]
[www.playsport.cc/forum/post/250916071355RS060ec.html]
[www.playsport.cc/visit_member676a.html]
[www.playsport.cc/forum/post/2509161130045eP60f5.html]
[www.playsport.cc/visit_member3272.html]
[www.playsport.cc/forum/post/250916112837QIH1ce6.html]
[www.playsport.cc/visit_memberc933.html]
[www.playsport.cc/forum/post/2509161129376hU4331.html]
[www.playsport.cc/visit_membera52b.html]
[www.playsport.cc/forum/post/250916064302oTV11b0.html]
[www.playsport.cc/visit_memberf1c1.html]
[www.playsport.cc/forum/post/250916070138PFt84ce.html]
[www.playsport.cc/visit_member55dd.html]
[www.playsport.cc/visit_member44dc.html]
[www.playsport.cc/forum/post/250916112844NA4cb94.html]
[www.playsport.cc/visit_member2ea7.html]
[www.playsport.cc/forum/post/250915204920kEQ1fd0.html]
[www.playsport.cc/visit_member7e85.html]
[www.playsport.cc/visit_membercf0a.html]
[www.playsport.cc/forum/post/250916112706jsTcba5.html]
[www.playsport.cc/visit_membera572.html]
[www.playsport.cc/visit_member9a15.html]
[www.playsport.cc/forum/post/250916112755A1F2d05.html]
[www.playsport.cc/visit_member0178.html]
[www.playsport.cc/forum/post/250916071948cdm1edb.html]
[www.playsport.cc/visit_member7259.html]
[www.playsport.cc/forum/post/250916112618N9D90b4.html]
[www.playsport.cc/forum/post/250915213044sG0b953.html]
[www.playsport.cc/visit_member2a14.html]
[www.playsport.cc/forum/post/250916104658HL0dc48.html]
[www.playsport.cc/visit_member198a.html]
[www.playsport.cc/visit_membera4a2.html]
[www.playsport.cc/forum/post/2509161124596RDf624.html]
[www.playsport.cc/visit_memberad0a.html]
[www.playsport.cc/forum/post/250916112345EEjd285.html]
[www.playsport.cc/visit_member22ae.html]
[www.playsport.cc/forum/post/250915095454doUcef5.html]
[www.playsport.cc/forum/post/250915095454doUd4fb.html]
[www.playsport.cc/forum/post/250915095454doU65c6.html]
[www.playsport.cc/forum/post/250915095454doU0dc1.html]
[www.playsport.cc/visit_membercb6b.html]
[www.playsport.cc/visit_member0304.html]
[www.playsport.cc/forum/post/250915165849s5a4db3.html]
[www.playsport.cc/forum/post/250915165849s5afb34.html]
[www.playsport.cc/visit_memberb82f.html]
[www.playsport.cc/visit_member24fe.html]
[www.playsport.cc/forum/post/250916095036ghWc4d5.html]
[www.playsport.cc/visit_member01fa.html]
[www.playsport.cc/visit_membera95d.html]
[www.playsport.cc/forum/post/250916030840kZufae6.html]
[www.playsport.cc/visit_memberf31b.html]
[www.playsport.cc/visit_memberf7bc.html]
[www.playsport.cc/forum/post/250916111139iqA2c11.html]
[www.playsport.cc/visit_membere276.html]
[www.playsport.cc/forum/post/250916020836v1J1592.html]
[www.playsport.cc/visit_member47ba.html]
[www.playsport.cc/visit_memberde8e.html]
[www.playsport.cc/forum/post/250916001625F3heb95.html]
[www.playsport.cc/visit_member5707.html]
[www.playsport.cc/visit_member28b0.html]
[www.playsport.cc/forum/post/250915204040gn1a852.html]
[www.playsport.cc/visit_member6086.html]
[www.playsport.cc/forum/post/250916093031kldc139.html]
[www.playsport.cc/visit_member8e1e.html]
[www.playsport.cc/forum/post/250916110559r3da8f2.html]
[www.playsport.cc/visit_member4c70.html]
[www.playsport.cc/forum/05a2d.html]
[www.playsport.cc/forum/08095.html]
[www.playsport.cc/contactc2e4.html]
[www.playsport.cc/qa.html]
[www.playsport.cc/utos.html]
[www.playsport.cc/aboutus.html]
[policies.google.com/privacy.html]
[policies.google.com/terms.html]
[www.playsport.cc/user_actionsef1f.html]
